Exists: true\nLength: 537469\nCount: 24