src/app/admin/page.tsx(32,13): error TS18048: 'result' is possibly 'undefined'.
src/app/admin/page.tsx(35,49): error TS18048: 'result' is possibly 'undefined'.
src/app/design/page.tsx(297,30): error TS2741: Property 'uploadedDesign' is missing in type '{ data: SignageData; design: DesignConfig; material: "flex" | "sunboard" | "acrylic" | "steel"; isMobile: boolean; onDesignChange: Dispatch<SetStateAction<DesignConfig>>; setAddTextFn: Dispatch<...>; setAddIconFn: Dispatch<...>; setAddShapeFn: Dispatch<...>; setAddImageFn: Dispatch<...>; }' but required in type 'PreviewSectionProps'.
src/app/design/page.tsx(328,33): error TS2322: Type '{ selected: "flex" | "sunboard" | "acrylic" | "steel"; onSelect: Dispatch<SetStateAction<"flex" | "sunboard" | "acrylic" | "steel">>; }' is not assignable to type 'IntrinsicAttributes & MaterialSelectorProps'.
  Property 'selected' does not exist on type 'IntrinsicAttributes & MaterialSelectorProps'.
src/app/design/page.tsx(358,33): error TS2322: Type '{ selected: "flex" | "sunboard" | "acrylic" | "steel"; onSelect: Dispatch<SetStateAction<"flex" | "sunboard" | "acrylic" | "steel">>; }' is not assignable to type 'IntrinsicAttributes & MaterialSelectorProps'.
  Property 'selected' does not exist on type 'IntrinsicAttributes & MaterialSelectorProps'.
src/app/design/page.tsx(379,21): error TS2322: Type '{ data: SignageData; design: DesignConfig; material: "flex" | "sunboard" | "acrylic" | "steel"; isOpen: true; onClose: () => void; onApprove: () => Promise<void>; ... 14 more ...; advanceAmount: number; }' is not assignable to type 'IntrinsicAttributes & ReviewApprovalProps'.
  Property 'isProcessing' does not exist on type 'IntrinsicAttributes & ReviewApprovalProps'.
src/components/SignagePreview.tsx(47,13): error TS17001: JSX elements cannot have multiple attributes with the same name.
